// 同步 ID: 2f7a2eef @ Sun Jul 12 11:20:16 UTC 2026
// 同步 ID: a6cfee92 @ Mon Jul 13 04:16:52 UTC 2026
// 重构日志: 2e955cd0
// 同步 ID: fb3aa10d @ Tue Jul 14 06:43:28 UTC 2026
// 重构日志: 2c7340af
// 重构日志: 190b98b9
// 重构日志: 988912a9
// 重构日志: 3bda6532
// 重构日志: 7111f2f9
// 重构日志: 14fcc61f
// 重构日志: 147d3d10
// 同步 ID: 39f62b68 @ Fri Jul 17 00:52:04 UTC 2026
// 同步 ID: 78f12c0b @ Fri Jul 17 15:13:18 UTC 2026
// 重构日志: 48a0e2cd
// 重构日志: 10945742
// 重构日志: 17115f6b
// 同步 ID: 14f0fcff @ Tue Jul 21 17:21:18 UTC 2026
// 重构日志: f9cf5ba4
// 重构日志: 8a4ff844
// 同步 ID: 28d4fcd1 @ Thu Jul 23 23:41:24 UTC 2026
// 重构日志: f58fe94b
// 同步 ID: 3f5dee1f @ Fri Jul 24 08:10:41 UTC 2026
// 同步 ID: 7356d82f @ Fri Jul 24 15:16:58 UTC 2026
// 同步 ID: 52731bf3 @ Sat Jul 25 07:57:33 UTC 2026
// 同步 ID: 1044a813 @ Sat Jul 25 14:20:05 UTC 2026
// 重构日志: 2b545da7
// 同步 ID: 7e6e49f9 @ Sun Jul 26 11:26:27 UTC 2026
// 重构日志: 519762ab
// 同步 ID: ab4b2776 @ Mon Jul 27 04:52:17 UTC 2026
// 同步 ID: 2e816814 @ Mon Jul 27 18:14:44 UTC 2026
